\BOOKMARK [1][-]{section.1}{\376\377\000I\000n\000t\000r\000o\000d\000u\000\347\000\343\000o}{}% 1
\BOOKMARK [1][-]{section.2}{\376\377\000C\000l\000a\000s\000s\000i\000f\000i\000c\000a\000\347\000\343\000o\000\040\000d\000a\000s\000\040\000e\000s\000t\000r\000u\000t\000u\000r\000a\000s\000\040\000d\000e\000\040\000r\000e\000p\000e\000t\000i\000\347\000\343\000o}{}% 2
\BOOKMARK [1][-]{section.3}{\376\377\000C\000o\000m\000a\000n\000d\000o\000\040\000f\000o\000r}{}% 3
\BOOKMARK [2][-]{subsection.3.1}{\376\377\000S\000i\000n\000t\000a\000x\000e}{section.3}% 4
\BOOKMARK [2][-]{subsection.3.2}{\376\377\000E\000x\000e\000m\000p\000l\000o\000\040\0001\000\040\040\024\000\040\000C\000o\000n\000t\000a\000d\000o\000r\000\040\000d\000e\000\040\000c\000a\000r\000n\000e\000i\000r\000i\000n\000h\000o\000s}{section.3}% 5
\BOOKMARK [3][-]{subsubsection.3.2.1}{\376\377\000S\000i\000m\000u\000l\000a\000\347\000\343\000o\000\040\000p\000a\000s\000s\000o\000\040\000a\000\040\000p\000a\000s\000s\000o\000\040\000\050\000d\000e\000p\000u\000r\000a\000\347\000\343\000o\000\051}{subsection.3.2}% 6
\BOOKMARK [2][-]{subsection.3.3}{\376\377\000E\000x\000e\000m\000p\000l\000o\000\040\0002\000\040\040\024\000\040\000f\000o\000r\000\040\000p\000e\000r\000c\000o\000r\000r\000e\000n\000d\000o\000\040\000u\000m\000\040\000a\000r\000r\000a\000y}{section.3}% 7
\BOOKMARK [2][-]{subsection.3.4}{\376\377\000f\000o\000r\000\040\000e\000a\000c\000h\000\040\000\050\000`\000`\000f\000o\000r\000\040\000i\000t\000'\000'\000\051}{section.3}% 8
\BOOKMARK [1][-]{section.4}{\376\377\000C\000o\000m\000a\000n\000d\000o\000s\000\040\000b\000r\000e\000a\000k\000\040\000e\000\040\000c\000o\000n\000t\000i\000n\000u\000e}{}% 9
\BOOKMARK [1][-]{section.5}{\376\377\000C\000o\000m\000a\000n\000d\000o\000\040\000w\000h\000i\000l\000e}{}% 10
\BOOKMARK [2][-]{subsection.5.1}{\376\377\000S\000i\000n\000t\000a\000x\000e}{section.5}% 11
\BOOKMARK [2][-]{subsection.5.2}{\376\377\000E\000x\000e\000m\000p\000l\000o\000\040\0003\000\040\040\024\000\040\000A\000\040\000m\000e\000s\000a\000d\000a\000\040\000d\000o\000\040\000J\000o\000\343\000o\000z\000i\000n\000h\000o}{section.5}% 12
\BOOKMARK [1][-]{section.6}{\376\377\000C\000o\000m\000a\000n\000d\000o\000\040\000d\000o\000\040\000w\000h\000i\000l\000e}{}% 13
\BOOKMARK [2][-]{subsection.6.1}{\376\377\000S\000i\000n\000t\000a\000x\000e}{section.6}% 14
\BOOKMARK [2][-]{subsection.6.2}{\376\377\000E\000x\000e\000m\000p\000l\000o\000\040\0004\000\040\040\024\000\040\000O\000\040\000t\000e\000l\000e\000f\000o\000n\000e\000\040\000t\000o\000c\000a\000n\000d\000o}{section.6}% 15
\BOOKMARK [1][-]{section.7}{\376\377\000C\000o\000m\000p\000a\000r\000a\000\347\000\343\000o\000:\000\040\000w\000h\000i\000l\000e\000\040\000v\000s\000\040\000d\000o\000\040\000w\000h\000i\000l\000e}{}% 16
\BOOKMARK [1][-]{section.8}{\376\377\000R\000e\000s\000u\000m\000o\000\040\000e\000\040\000d\000i\000c\000a\000s\000\040\000d\000e\000\040\000p\000r\000\341\000t\000i\000c\000a}{}% 17
\BOOKMARK [1][-]{section.9}{\376\377\000E\000x\000e\000r\000c\000\355\000c\000i\000o\000s\000\040\000d\000e\000\040\000f\000i\000x\000a\000\347\000\343\000o}{}% 18
\BOOKMARK [2][-]{subsection.9.1}{\376\377\000E\000x\000e\000r\000c\000\355\000c\000i\000o\000\040\0001\000\040\040\024\000\040\000w\000h\000i\000l\000e\000\040\000c\000o\000m\000\040\000c\000o\000n\000d\000i\000\347\000\343\000o\000\040\000i\000n\000i\000c\000i\000a\000l\000\040\000f\000a\000l\000s\000a}{section.9}% 19
\BOOKMARK [2][-]{subsection.9.2}{\376\377\000E\000x\000e\000r\000c\000\355\000c\000i\000o\000\040\0002\000\040\040\024\000\040\000l\000e\000n\000g\000t\000h\000\040\000d\000e\000\040\000u\000m\000\040\000a\000r\000r\000a\000y}{section.9}% 20
\BOOKMARK [2][-]{subsection.9.3}{\376\377\000E\000x\000e\000r\000c\000\355\000c\000i\000o\000\040\0003\000\040\040\024\000\040\000C\000l\000a\000s\000s\000i\000f\000i\000c\000a\000\347\000\343\000o\000\040\000d\000a\000s\000\040\000e\000s\000t\000r\000u\000t\000u\000r\000a\000s\000\040\000d\000e\000\040\000r\000e\000p\000e\000t\000i\000\347\000\343\000o}{section.9}% 21
\BOOKMARK [2][-]{subsection.9.4}{\376\377\000E\000x\000e\000r\000c\000\355\000c\000i\000o\000\040\0004\000\040\040\024\000\040\000f\000o\000r\000\040\000c\000o\000m\000o\000\040\000a\000c\000u\000m\000u\000l\000a\000d\000o\000r}{section.9}% 22
\BOOKMARK [2][-]{subsection.9.5}{\376\377\000E\000x\000e\000r\000c\000\355\000c\000i\000o\000\040\0005\000\040\040\024\000\040\000L\000o\000o\000p\000\040\000i\000n\000f\000i\000n\000i\000t\000o\000\040\000n\000o\000\040\000d\000o\000\040\000w\000h\000i\000l\000e}{section.9}% 23
